============================= test session starts =============================
platform win32 -- Python 3.14.0, pytest-9.0.2, pluggy-1.6.0
rootdir: C:\Code\mlops-project-g1mg06
plugins: anyio-4.12.0
collected 5 items

tests\test_api.py ...E                                                   [ 80%]
tests\test_components.py .                                               [100%]

=================================== ERRORS ====================================
___________________ ERROR at setup of test_predict_success ____________________
file C:\Code\mlops-project-g1mg06\tests\test_api.py, line 34
  def test_predict_success(mocker):
E       fixture 'mocker' not found
>       available fixtures: anyio_backend, anyio_backend_name, anyio_backend_options, cache, capfd, capfdbinary, caplog, capsys, capsysbinary, capteesys, doctest_namespace, free_tcp_port, free_tcp_port_factory, free_udp_port, free_udp_port_factory, monkeypatch, pytestconfig, record_property, record_testsuite_property, record_xml_attribute, recwarn, subtests, tmp_path, tmp_path_factory, tmpdir, tmpdir_factory
>       use 'pytest --fixtures [testpath]' for help on them.

C:\Code\mlops-project-g1mg06\tests\test_api.py:34
============================== warnings summary ===============================
..\..\Users\alexi\AppData\Roaming\Python\Python314\site-packages\sklearn\base.py:463
  C:\Users\alexi\AppData\Roaming\Python\Python314\site-packages\sklearn\base.py:463: InconsistentVersionWarning: Trying to unpickle estimator DecisionTreeClassifier from version 1.6.1 when using version 1.8.0. This might lead to breaking code or invalid results. Use at your own risk. For more info please refer to:
  https://scikit-learn.org/stable/model_persistence.html#security-maintainability-limitations
    warnings.warn(

..\..\Users\alexi\AppData\Roaming\Python\Python314\site-packages\sklearn\base.py:463
  C:\Users\alexi\AppData\Roaming\Python\Python314\site-packages\sklearn\base.py:463: InconsistentVersionWarning: Trying to unpickle estimator RandomForestClassifier from version 1.6.1 when using version 1.8.0. This might lead to breaking code or invalid results. Use at your own risk. For more info please refer to:
  https://scikit-learn.org/stable/model_persistence.html#security-maintainability-limitations
    warnings.warn(

tests/test_components.py::test_preprocess_input_logic
  C:\Code\mlops-project-g1mg06\src\api\app.py:31: PydanticDeprecatedSince20: The `dict` method is deprecated; use `model_dump` instead. Deprecated in Pydantic V2.0 to be removed in V3.0. See Pydantic V2 Migration Guide at https://errors.pydantic.dev/2.12/migration/
    df = pd.DataFrame([data.dict()])

-- Docs: https://docs.pytest.org/en/stable/how-to/capture-warnings.html
=========================== short test summary info ===========================
ERROR tests/test_api.py::test_predict_success
=================== 4 passed, 3 warnings, 1 error in 1.69s ====================
